/Users/ramona/anaconda3/lib/python3.10/site-packages/dagster/_core/definitions/definitions_class.py:480: UserWarning: Found asset job named benchmark_job of type <class 'dagster._core.definitions.unresolved_asset_job_definition.UnresolvedAssetJobDefinition'> passed to `jobs` parameter. Starting in dagster 1.11, you must now use Definitions.resolve_job_def to correctly retrieve this job definition.
  warnings.warn(warning)
2026-01-01 22:09:42 -0500 - dagster - DEBUG - benchmark_job - 01082ffc-769f-4973-8f0d-be729e8ea9ee - 75462 - RUN_START - Started execution of run for "benchmark_job".
2026-01-01 22:09:42 -0500 - dagster - DEBUG - benchmark_job - 01082ffc-769f-4973-8f0d-be729e8ea9ee - 75462 - ENGINE_EVENT - Executing steps in process (pid: 75462)
2026-01-01 22:09:42 -0500 - dagster - DEBUG - benchmark_job - 01082ffc-769f-4973-8f0d-be729e8ea9ee - 75462 - RESOURCE_INIT_STARTED - Starting initialization of resources [duckdb, io_manager].
2026-01-01 22:09:43 -0500 - dagster - DEBUG - benchmark_job - 01082ffc-769f-4973-8f0d-be729e8ea9ee - 75462 - RESOURCE_INIT_SUCCESS - Finished initialization of resources [duckdb, io_manager].
2026-01-01 22:09:43 -0500 - dagster - DEBUG - benchmark_job - 01082ffc-769f-4973-8f0d-be729e8ea9ee - 75462 - LOGS_CAPTURED - Started capturing logs in process (pid: 75462).
2026-01-01 22:09:43 -0500 - dagster - DEBUG - benchmark_job - 01082ffc-769f-4973-8f0d-be729e8ea9ee - 75462 - e_04209ee1__skewed_data_parquet - STEP_START - Started execution of step "e_04209ee1__skewed_data_parquet".
2026-01-01 22:09:43 -0500 - dagster - DEBUG - benchmark_job - 01082ffc-769f-4973-8f0d-be729e8ea9ee - 75462 - e_04209ee1__skewed_data_parquet - STEP_OUTPUT - Yielded output "result" of type "Any". (Type check passed).
2026-01-01 22:09:43 -0500 - dagster - DEBUG - benchmark_job - 01082ffc-769f-4973-8f0d-be729e8ea9ee - 75462 - e_04209ee1__skewed_data_parquet - ASSET_MATERIALIZATION - Materialized value e_04209ee1__skewed_data_parquet.
2026-01-01 22:09:43 -0500 - dagster - DEBUG - benchmark_job - 01082ffc-769f-4973-8f0d-be729e8ea9ee - 75462 - e_04209ee1__skewed_data_parquet - STEP_SUCCESS - Finished execution of step "e_04209ee1__skewed_data_parquet" in 45ms.
2026-01-01 22:09:43 -0500 - dagster - DEBUG - benchmark_job - 01082ffc-769f-4973-8f0d-be729e8ea9ee - 75462 - e_04209ee1__skewed_data_quality - STEP_START - Started execution of step "e_04209ee1__skewed_data_quality".
2026-01-01 22:09:43 -0500 - dagster - ERROR - benchmark_job - 01082ffc-769f-4973-8f0d-be729e8ea9ee - 75462 - e_04209ee1__skewed_data_quality - STEP_FAILURE - Execution of step "e_04209ee1__skewed_data_quality" failed.

dagster._core.errors.DagsterExecutionStepExecutionError: Error occurred while executing op "e_04209ee1__skewed_data_quality"::

NameError: name 'get_data_dir' is not defined

Stack Trace:
  File "/Users/ramona/anaconda3/lib/python3.10/site-packages/dagster/_core/execution/plan/utils.py", line 57, in op_execution_error_boundary
    yield
  File "/Users/ramona/anaconda3/lib/python3.10/site-packages/dagster/_utils/__init__.py", line 392, in iterate_with_context
    next_output = next(iterator)
  File "/Users/ramona/anaconda3/lib/python3.10/site-packages/dagster/_core/execution/plan/compute_generator.py", line 137, in _coerce_op_compute_fn_to_iterator
    result = invoke_compute_fn(
  File "/Users/ramona/anaconda3/lib/python3.10/site-packages/dagster/_core/execution/plan/compute_generator.py", line 117, in invoke_compute_fn
    return fn(context, **args_to_pass) if context_arg_provided else fn(**args_to_pass)
  File "/Users/ramona/Projects/sql-benchmarks-dagster/sql_benchmarks/assets/data_quality.py", line 38, in _validate
    parquet_path = os.path.join(get_data_dir(), "staging", filename)

2026-01-01 22:09:43 -0500 - dagster - ERROR - benchmark_job - 01082ffc-769f-4973-8f0d-be729e8ea9ee - 75462 - RUN_FAILURE - Execution of run for "benchmark_job" failed. An exception was thrown during execution.

NameError: name 'get_data_dir' is not defined

Stack Trace:
  File "/Users/ramona/anaconda3/lib/python3.10/site-packages/dagster/_core/execution/api.py", line 742, in job_execution_iterator
    for event in job_context.executor.execute(job_context, execution_plan):
  File "/Users/ramona/anaconda3/lib/python3.10/site-packages/dagster/_core/executor/in_process.py", line 72, in execute
    yield from iter(
  File "/Users/ramona/anaconda3/lib/python3.10/site-packages/dagster/_core/execution/api.py", line 875, in __iter__
    yield from self.iterator(
  File "/Users/ramona/anaconda3/lib/python3.10/site-packages/dagster/_core/executor/in_process.py", line 29, in inprocess_execution_iterator
    yield from inner_plan_execution_iterator(
  File "/Users/ramona/anaconda3/lib/python3.10/site-packages/dagster/_core/execution/plan/execute_plan.py", line 89, in inner_plan_execution_iterator
    for step_event in check.generator(dagster_event_sequence_for_step(step_context)):
  File "/Users/ramona/anaconda3/lib/python3.10/site-packages/dagster/_core/execution/plan/execute_plan.py", line 319, in dagster_event_sequence_for_step
    raise dagster_user_error.user_exception
  File "/Users/ramona/anaconda3/lib/python3.10/site-packages/dagster/_core/execution/plan/utils.py", line 57, in op_execution_error_boundary
    yield
  File "/Users/ramona/anaconda3/lib/python3.10/site-packages/dagster/_utils/__init__.py", line 392, in iterate_with_context
    next_output = next(iterator)
  File "/Users/ramona/anaconda3/lib/python3.10/site-packages/dagster/_core/execution/plan/compute_generator.py", line 137, in _coerce_op_compute_fn_to_iterator
    result = invoke_compute_fn(
  File "/Users/ramona/anaconda3/lib/python3.10/site-packages/dagster/_core/execution/plan/compute_generator.py", line 117, in invoke_compute_fn
    return fn(context, **args_to_pass) if context_arg_provided else fn(**args_to_pass)
  File "/Users/ramona/Projects/sql-benchmarks-dagster/sql_benchmarks/assets/data_quality.py", line 38, in _validate
    parquet_path = os.path.join(get_data_dir(), "staging", filename)

The above exception occurred during handling of the following exception:
dagster._core.errors.DagsterExecutionStepExecutionError: Error occurred while executing op "e_04209ee1__skewed_data_quality":

Stack Trace:
  File "/Users/ramona/anaconda3/lib/python3.10/site-packages/dagster/_core/execution/plan/execute_plan.py", line 247, in dagster_event_sequence_for_step
    yield from check.generator(step_events)
  File "/Users/ramona/anaconda3/lib/python3.10/site-packages/dagster/_core/execution/plan/execute_step.py", line 504, in core_dagster_event_sequence_for_step
    for user_event in _step_output_error_checked_user_event_sequence(
  File "/Users/ramona/anaconda3/lib/python3.10/site-packages/dagster/_core/execution/plan/execute_step.py", line 183, in _step_output_error_checked_user_event_sequence
    for user_event in user_event_sequence:
  File "/Users/ramona/anaconda3/lib/python3.10/site-packages/dagster/_core/execution/plan/execute_step.py", line 88, in _process_asset_results_to_events
    for user_event in user_event_sequence:
  File "/Users/ramona/anaconda3/lib/python3.10/site-packages/dagster/_core/execution/plan/compute.py", line 190, in execute_core_compute
    for step_output in _yield_compute_results(step_context, inputs, compute_fn, compute_context):
  File "/Users/ramona/anaconda3/lib/python3.10/site-packages/dagster/_core/execution/plan/compute.py", line 159, in _yield_compute_results
    for event in iterate_with_context(
  File "/Users/ramona/anaconda3/lib/python3.10/site-packages/dagster/_utils/__init__.py", line 390, in iterate_with_context
    with context_fn():
  File "/Users/ramona/anaconda3/lib/python3.10/contextlib.py", line 153, in __exit__
    self.gen.throw(typ, value, traceback)
  File "/Users/ramona/anaconda3/lib/python3.10/site-packages/dagster/_core/execution/plan/utils.py", line 87, in op_execution_error_boundary
    raise error_cls(

[SUCCESS] Contract '/Users/ramona/Projects/sql-benchmarks-dagster/sql_benchmarks/experiments/active.yaml' validated.
[SUCCESS] Contract '/Users/ramona/Projects/sql-benchmarks-dagster/sql_benchmarks/experiments/active.yaml' validated.
[SDK] Executing job 'benchmark_job' with partition='tiny'...
[Gen] Generating 100 rows in batches of 500000...
[Gen] Batch 1 done.
[SDK] Exception during execution: name 'get_data_dir' is not defined
/Users/ramona/anaconda3/lib/python3.10/site-packages/dagster/_core/definitions/definitions_class.py:480: UserWarning: Found asset job named benchmark_job of type <class 'dagster._core.definitions.unresolved_asset_job_definition.UnresolvedAssetJobDefinition'> passed to `jobs` parameter. Starting in dagster 1.11, you must now use Definitions.resolve_job_def to correctly retrieve this job definition.
  warnings.warn(warning)
2026-01-01 22:09:45 -0500 - dagster - DEBUG - benchmark_job - 94f107f9-8519-465b-9d4a-294bcc902dbb - 75472 - RUN_START - Started execution of run for "benchmark_job".
2026-01-01 22:09:45 -0500 - dagster - DEBUG - benchmark_job - 94f107f9-8519-465b-9d4a-294bcc902dbb - 75472 - ENGINE_EVENT - Executing steps in process (pid: 75472)
2026-01-01 22:09:45 -0500 - dagster - DEBUG - benchmark_job - 94f107f9-8519-465b-9d4a-294bcc902dbb - 75472 - performance_dashboard - RESOURCE_INIT_STARTED - Starting initialization of resources [io_manager].
2026-01-01 22:09:45 -0500 - dagster - DEBUG - benchmark_job - 94f107f9-8519-465b-9d4a-294bcc902dbb - 75472 - performance_dashboard - RESOURCE_INIT_SUCCESS - Finished initialization of resources [io_manager].
2026-01-01 22:09:45 -0500 - dagster - DEBUG - benchmark_job - 94f107f9-8519-465b-9d4a-294bcc902dbb - 75472 - LOGS_CAPTURED - Started capturing logs in process (pid: 75472).
2026-01-01 22:09:45 -0500 - dagster - DEBUG - benchmark_job - 94f107f9-8519-465b-9d4a-294bcc902dbb - 75472 - performance_dashboard - STEP_START - Started execution of step "performance_dashboard".
2026-01-01 22:09:45 -0500 - dagster - INFO - benchmark_job - 94f107f9-8519-465b-9d4a-294bcc902dbb - performance_dashboard - No records found for experiment: 04209ee1
2026-01-01 22:09:45 -0500 - dagster - DEBUG - benchmark_job - 94f107f9-8519-465b-9d4a-294bcc902dbb - 75472 - performance_dashboard - STEP_OUTPUT - Yielded output "result" of type "Any". (Type check passed).
2026-01-01 22:09:45 -0500 - dagster - DEBUG - benchmark_job - 94f107f9-8519-465b-9d4a-294bcc902dbb - performance_dashboard - Writing file at: /var/folders/fn/f9_8r_cj7cb6ffsgnzdj0yw40000gn/T/tmpa2j80u8p/storage/performance_dashboard using PickledObjectFilesystemIOManager...
2026-01-01 22:09:45 -0500 - dagster - DEBUG - benchmark_job - 94f107f9-8519-465b-9d4a-294bcc902dbb - 75472 - performance_dashboard - ASSET_MATERIALIZATION - Materialized value performance_dashboard.
2026-01-01 22:09:45 -0500 - dagster - DEBUG - benchmark_job - 94f107f9-8519-465b-9d4a-294bcc902dbb - 75472 - performance_dashboard - HANDLED_OUTPUT - Handled output "result" using IO manager "io_manager"
2026-01-01 22:09:45 -0500 - dagster - DEBUG - benchmark_job - 94f107f9-8519-465b-9d4a-294bcc902dbb - 75472 - performance_dashboard - STEP_SUCCESS - Finished execution of step "performance_dashboard" in 17ms.
2026-01-01 22:09:45 -0500 - dagster - DEBUG - benchmark_job - 94f107f9-8519-465b-9d4a-294bcc902dbb - 75472 - ENGINE_EVENT - Finished steps in process (pid: 75472) in 93ms
2026-01-01 22:09:45 -0500 - dagster - DEBUG - benchmark_job - 94f107f9-8519-465b-9d4a-294bcc902dbb - 75472 - RUN_SUCCESS - Finished execution of run for "benchmark_job".
[SUCCESS] Contract '/Users/ramona/Projects/sql-benchmarks-dagster/sql_benchmarks/experiments/active.yaml' validated.
[SUCCESS] Contract '/Users/ramona/Projects/sql-benchmarks-dagster/sql_benchmarks/experiments/active.yaml' validated.
[SDK] Executing job 'benchmark_job' with partition='None'...
[SDK] Job Success.
[SUCCESS] Contract '/Users/ramona/Projects/sql-benchmarks-dagster/sql_benchmarks/experiments/active.yaml' validated.
[RUNNER] Processing 1 targets...

>>> COORDINATING: smoke_v8.yaml
[SUCCESS] Contract 'smoke_v8.yaml' validated.
[INFO] Executing 04209ee1 directly...
       -> Partition: tiny
[DEBUG] Running command: /Users/ramona/anaconda3/bin/python execute_run.py --partition tiny
[FAILURE] Technical execution failed.
