/Users/ramona/anaconda3/lib/python3.10/site-packages/dagster/_core/definitions/definitions_class.py:480: UserWarning: Found asset job named benchmark_job of type <class 'dagster._core.definitions.unresolved_asset_job_definition.UnresolvedAssetJobDefinition'> passed to `jobs` parameter. Starting in dagster 1.11, you must now use Definitions.resolve_job_def to correctly retrieve this job definition.
  warnings.warn(warning)
2026-01-01 22:21:47 -0500 - dagster - DEBUG - benchmark_job - 0f029a77-de80-4f32-ba19-874ee9e7a727 - 77495 - RUN_START - Started execution of run for "benchmark_job".
2026-01-01 22:21:47 -0500 - dagster - DEBUG - benchmark_job - 0f029a77-de80-4f32-ba19-874ee9e7a727 - 77495 - ENGINE_EVENT - Executing steps in process (pid: 77495)
2026-01-01 22:21:47 -0500 - dagster - DEBUG - benchmark_job - 0f029a77-de80-4f32-ba19-874ee9e7a727 - 77495 - RESOURCE_INIT_STARTED - Starting initialization of resources [duckdb, io_manager].
2026-01-01 22:21:47 -0500 - dagster - DEBUG - benchmark_job - 0f029a77-de80-4f32-ba19-874ee9e7a727 - 77495 - RESOURCE_INIT_SUCCESS - Finished initialization of resources [duckdb, io_manager].
2026-01-01 22:21:47 -0500 - dagster - DEBUG - benchmark_job - 0f029a77-de80-4f32-ba19-874ee9e7a727 - 77495 - LOGS_CAPTURED - Started capturing logs in process (pid: 77495).
2026-01-01 22:21:47 -0500 - dagster - DEBUG - benchmark_job - 0f029a77-de80-4f32-ba19-874ee9e7a727 - 77495 - e_f3fffd7a__skewed_data_parquet - STEP_START - Started execution of step "e_f3fffd7a__skewed_data_parquet".
2026-01-01 22:21:47 -0500 - dagster - DEBUG - benchmark_job - 0f029a77-de80-4f32-ba19-874ee9e7a727 - 77495 - e_f3fffd7a__skewed_data_parquet - STEP_OUTPUT - Yielded output "result" of type "Any". (Type check passed).
2026-01-01 22:21:47 -0500 - dagster - DEBUG - benchmark_job - 0f029a77-de80-4f32-ba19-874ee9e7a727 - 77495 - e_f3fffd7a__skewed_data_parquet - ASSET_MATERIALIZATION - Materialized value e_f3fffd7a__skewed_data_parquet.
2026-01-01 22:21:47 -0500 - dagster - DEBUG - benchmark_job - 0f029a77-de80-4f32-ba19-874ee9e7a727 - 77495 - e_f3fffd7a__skewed_data_parquet - STEP_SUCCESS - Finished execution of step "e_f3fffd7a__skewed_data_parquet" in 41ms.
2026-01-01 22:21:47 -0500 - dagster - DEBUG - benchmark_job - 0f029a77-de80-4f32-ba19-874ee9e7a727 - 77495 - e_f3fffd7a__skewed_data_quality - STEP_START - Started execution of step "e_f3fffd7a__skewed_data_quality".
2026-01-01 22:21:47 -0500 - dagster - DEBUG - benchmark_job - 0f029a77-de80-4f32-ba19-874ee9e7a727 - 77495 - e_f3fffd7a__skewed_data_quality - STEP_OUTPUT - Yielded output "result" of type "Any". (Type check passed).
2026-01-01 22:21:47 -0500 - dagster - DEBUG - benchmark_job - 0f029a77-de80-4f32-ba19-874ee9e7a727 - e_f3fffd7a__skewed_data_quality - Writing file at: /var/folders/fn/f9_8r_cj7cb6ffsgnzdj0yw40000gn/T/tmpccqehuh3/storage/e_f3fffd7a__skewed_data_quality/tiny using PickledObjectFilesystemIOManager...
2026-01-01 22:21:47 -0500 - dagster - DEBUG - benchmark_job - 0f029a77-de80-4f32-ba19-874ee9e7a727 - 77495 - e_f3fffd7a__skewed_data_quality - ASSET_MATERIALIZATION - Materialized value e_f3fffd7a__skewed_data_quality.
2026-01-01 22:21:47 -0500 - dagster - DEBUG - benchmark_job - 0f029a77-de80-4f32-ba19-874ee9e7a727 - 77495 - e_f3fffd7a__skewed_data_quality - HANDLED_OUTPUT - Handled output "result" using IO manager "io_manager"
2026-01-01 22:21:47 -0500 - dagster - DEBUG - benchmark_job - 0f029a77-de80-4f32-ba19-874ee9e7a727 - 77495 - e_f3fffd7a__skewed_data_quality - STEP_SUCCESS - Finished execution of step "e_f3fffd7a__skewed_data_quality" in 36ms.
2026-01-01 22:21:47 -0500 - dagster - DEBUG - benchmark_job - 0f029a77-de80-4f32-ba19-874ee9e7a727 - 77495 - e_f3fffd7a__duckdb_skewed_data_table - STEP_START - Started execution of step "e_f3fffd7a__duckdb_skewed_data_table".
2026-01-01 22:21:47 -0500 - dagster - INFO - benchmark_job - 0f029a77-de80-4f32-ba19-874ee9e7a727 - e_f3fffd7a__duckdb_skewed_data_table - Ingesting /Users/ramona/Projects/sql-benchmarks-dagster/data/staging/skewed_data_tiny.parquet into duckdb table 'skewed_data_tiny'...
2026-01-01 22:21:47 -0500 - dagster - DEBUG - benchmark_job - 0f029a77-de80-4f32-ba19-874ee9e7a727 - 77495 - e_f3fffd7a__duckdb_skewed_data_table - STEP_OUTPUT - Yielded output "result" of type "Any". (Type check passed).
2026-01-01 22:21:47 -0500 - dagster - DEBUG - benchmark_job - 0f029a77-de80-4f32-ba19-874ee9e7a727 - e_f3fffd7a__duckdb_skewed_data_table - Writing file at: /var/folders/fn/f9_8r_cj7cb6ffsgnzdj0yw40000gn/T/tmpccqehuh3/storage/e_f3fffd7a__duckdb_skewed_data_table/tiny using PickledObjectFilesystemIOManager...
2026-01-01 22:21:47 -0500 - dagster - DEBUG - benchmark_job - 0f029a77-de80-4f32-ba19-874ee9e7a727 - 77495 - e_f3fffd7a__duckdb_skewed_data_table - ASSET_MATERIALIZATION - Materialized value e_f3fffd7a__duckdb_skewed_data_table.
2026-01-01 22:21:47 -0500 - dagster - DEBUG - benchmark_job - 0f029a77-de80-4f32-ba19-874ee9e7a727 - 77495 - e_f3fffd7a__duckdb_skewed_data_table - HANDLED_OUTPUT - Handled output "result" using IO manager "io_manager"
2026-01-01 22:21:47 -0500 - dagster - DEBUG - benchmark_job - 0f029a77-de80-4f32-ba19-874ee9e7a727 - 77495 - e_f3fffd7a__duckdb_skewed_data_table - STEP_SUCCESS - Finished execution of step "e_f3fffd7a__duckdb_skewed_data_table" in 116ms.
2026-01-01 22:21:47 -0500 - dagster - DEBUG - benchmark_job - 0f029a77-de80-4f32-ba19-874ee9e7a727 - 77495 - e_f3fffd7a__duckdb_benchmark_q_0_1_percent - STEP_START - Started execution of step "e_f3fffd7a__duckdb_benchmark_q_0_1_percent".
2026-01-01 22:21:47 -0500 - dagster - DEBUG - benchmark_job - 0f029a77-de80-4f32-ba19-874ee9e7a727 - 77495 - e_f3fffd7a__duckdb_benchmark_q_0_1_percent - STEP_OUTPUT - Yielded output "result" of type "Any". (Type check passed).
2026-01-01 22:21:47 -0500 - dagster - DEBUG - benchmark_job - 0f029a77-de80-4f32-ba19-874ee9e7a727 - 77495 - e_f3fffd7a__duckdb_benchmark_q_0_1_percent - ASSET_MATERIALIZATION - Materialized value e_f3fffd7a__duckdb_benchmark_q_0_1_percent.
2026-01-01 22:21:47 -0500 - dagster - DEBUG - benchmark_job - 0f029a77-de80-4f32-ba19-874ee9e7a727 - 77495 - e_f3fffd7a__duckdb_benchmark_q_0_1_percent - STEP_SUCCESS - Finished execution of step "e_f3fffd7a__duckdb_benchmark_q_0_1_percent" in 43ms.
2026-01-01 22:21:47 -0500 - dagster - DEBUG - benchmark_job - 0f029a77-de80-4f32-ba19-874ee9e7a727 - 77495 - e_f3fffd7a__duckdb_benchmark_q_10_percent - STEP_START - Started execution of step "e_f3fffd7a__duckdb_benchmark_q_10_percent".
2026-01-01 22:21:47 -0500 - dagster - DEBUG - benchmark_job - 0f029a77-de80-4f32-ba19-874ee9e7a727 - 77495 - e_f3fffd7a__duckdb_benchmark_q_10_percent - STEP_OUTPUT - Yielded output "result" of type "Any". (Type check passed).
2026-01-01 22:21:47 -0500 - dagster - DEBUG - benchmark_job - 0f029a77-de80-4f32-ba19-874ee9e7a727 - 77495 - e_f3fffd7a__duckdb_benchmark_q_10_percent - ASSET_MATERIALIZATION - Materialized value e_f3fffd7a__duckdb_benchmark_q_10_percent.
2026-01-01 22:21:47 -0500 - dagster - DEBUG - benchmark_job - 0f029a77-de80-4f32-ba19-874ee9e7a727 - 77495 - e_f3fffd7a__duckdb_benchmark_q_10_percent - STEP_SUCCESS - Finished execution of step "e_f3fffd7a__duckdb_benchmark_q_10_percent" in 35ms.
2026-01-01 22:21:47 -0500 - dagster - DEBUG - benchmark_job - 0f029a77-de80-4f32-ba19-874ee9e7a727 - 77495 - e_f3fffd7a__duckdb_benchmark_q_1_percent - STEP_START - Started execution of step "e_f3fffd7a__duckdb_benchmark_q_1_percent".
2026-01-01 22:21:47 -0500 - dagster - DEBUG - benchmark_job - 0f029a77-de80-4f32-ba19-874ee9e7a727 - 77495 - e_f3fffd7a__duckdb_benchmark_q_1_percent - STEP_OUTPUT - Yielded output "result" of type "Any". (Type check passed).
2026-01-01 22:21:47 -0500 - dagster - DEBUG - benchmark_job - 0f029a77-de80-4f32-ba19-874ee9e7a727 - 77495 - e_f3fffd7a__duckdb_benchmark_q_1_percent - ASSET_MATERIALIZATION - Materialized value e_f3fffd7a__duckdb_benchmark_q_1_percent.
2026-01-01 22:21:47 -0500 - dagster - DEBUG - benchmark_job - 0f029a77-de80-4f32-ba19-874ee9e7a727 - 77495 - e_f3fffd7a__duckdb_benchmark_q_1_percent - STEP_SUCCESS - Finished execution of step "e_f3fffd7a__duckdb_benchmark_q_1_percent" in 33ms.
2026-01-01 22:21:47 -0500 - dagster - DEBUG - benchmark_job - 0f029a77-de80-4f32-ba19-874ee9e7a727 - 77495 - e_f3fffd7a__duckdb_benchmark_q_20_percent - STEP_START - Started execution of step "e_f3fffd7a__duckdb_benchmark_q_20_percent".
2026-01-01 22:21:47 -0500 - dagster - DEBUG - benchmark_job - 0f029a77-de80-4f32-ba19-874ee9e7a727 - 77495 - e_f3fffd7a__duckdb_benchmark_q_20_percent - STEP_OUTPUT - Yielded output "result" of type "Any". (Type check passed).
2026-01-01 22:21:47 -0500 - dagster - DEBUG - benchmark_job - 0f029a77-de80-4f32-ba19-874ee9e7a727 - 77495 - e_f3fffd7a__duckdb_benchmark_q_20_percent - ASSET_MATERIALIZATION - Materialized value e_f3fffd7a__duckdb_benchmark_q_20_percent.
2026-01-01 22:21:47 -0500 - dagster - DEBUG - benchmark_job - 0f029a77-de80-4f32-ba19-874ee9e7a727 - 77495 - e_f3fffd7a__duckdb_benchmark_q_20_percent - STEP_SUCCESS - Finished execution of step "e_f3fffd7a__duckdb_benchmark_q_20_percent" in 32ms.
2026-01-01 22:21:47 -0500 - dagster - DEBUG - benchmark_job - 0f029a77-de80-4f32-ba19-874ee9e7a727 - 77495 - e_f3fffd7a__duckdb_benchmark_q_5_percent - STEP_START - Started execution of step "e_f3fffd7a__duckdb_benchmark_q_5_percent".
2026-01-01 22:21:47 -0500 - dagster - DEBUG - benchmark_job - 0f029a77-de80-4f32-ba19-874ee9e7a727 - 77495 - e_f3fffd7a__duckdb_benchmark_q_5_percent - STEP_OUTPUT - Yielded output "result" of type "Any". (Type check passed).
2026-01-01 22:21:47 -0500 - dagster - DEBUG - benchmark_job - 0f029a77-de80-4f32-ba19-874ee9e7a727 - 77495 - e_f3fffd7a__duckdb_benchmark_q_5_percent - ASSET_MATERIALIZATION - Materialized value e_f3fffd7a__duckdb_benchmark_q_5_percent.
2026-01-01 22:21:47 -0500 - dagster - DEBUG - benchmark_job - 0f029a77-de80-4f32-ba19-874ee9e7a727 - 77495 - e_f3fffd7a__duckdb_benchmark_q_5_percent - STEP_SUCCESS - Finished execution of step "e_f3fffd7a__duckdb_benchmark_q_5_percent" in 33ms.
2026-01-01 22:21:47 -0500 - dagster - DEBUG - benchmark_job - 0f029a77-de80-4f32-ba19-874ee9e7a727 - 77495 - e_f3fffd7a__duckdb_benchmark_q_filler - STEP_START - Started execution of step "e_f3fffd7a__duckdb_benchmark_q_filler".
2026-01-01 22:21:47 -0500 - dagster - DEBUG - benchmark_job - 0f029a77-de80-4f32-ba19-874ee9e7a727 - 77495 - e_f3fffd7a__duckdb_benchmark_q_filler - STEP_OUTPUT - Yielded output "result" of type "Any". (Type check passed).
2026-01-01 22:21:47 -0500 - dagster - DEBUG - benchmark_job - 0f029a77-de80-4f32-ba19-874ee9e7a727 - 77495 - e_f3fffd7a__duckdb_benchmark_q_filler - ASSET_MATERIALIZATION - Materialized value e_f3fffd7a__duckdb_benchmark_q_filler.
2026-01-01 22:21:47 -0500 - dagster - DEBUG - benchmark_job - 0f029a77-de80-4f32-ba19-874ee9e7a727 - 77495 - e_f3fffd7a__duckdb_benchmark_q_filler - STEP_SUCCESS - Finished execution of step "e_f3fffd7a__duckdb_benchmark_q_filler" in 33ms.
2026-01-01 22:21:47 -0500 - dagster - DEBUG - benchmark_job - 0f029a77-de80-4f32-ba19-874ee9e7a727 - 77495 - ENGINE_EVENT - Finished steps in process (pid: 77495) in 509ms
2026-01-01 22:21:47 -0500 - dagster - DEBUG - benchmark_job - 0f029a77-de80-4f32-ba19-874ee9e7a727 - 77495 - RUN_SUCCESS - Finished execution of run for "benchmark_job".
[SUCCESS] Contract '/Users/ramona/Projects/sql-benchmarks-dagster/sql_benchmarks/experiments/active.yaml' validated.
[SUCCESS] Contract '/Users/ramona/Projects/sql-benchmarks-dagster/sql_benchmarks/experiments/active.yaml' validated.
[SDK] Executing job 'benchmark_job' with partition='tiny'...
[Gen] Generating 100 rows in batches of 500000...
[Gen] Batch 1 done.
[SDK] Job Success.
/Users/ramona/anaconda3/lib/python3.10/site-packages/dagster/_core/definitions/definitions_class.py:480: UserWarning: Found asset job named benchmark_job of type <class 'dagster._core.definitions.unresolved_asset_job_definition.UnresolvedAssetJobDefinition'> passed to `jobs` parameter. Starting in dagster 1.11, you must now use Definitions.resolve_job_def to correctly retrieve this job definition.
  warnings.warn(warning)
2026-01-01 22:21:49 -0500 - dagster - DEBUG - benchmark_job - 3e1acb44-2f98-4eec-8e25-ea6d99aaf0c5 - 77501 - RUN_START - Started execution of run for "benchmark_job".
2026-01-01 22:21:49 -0500 - dagster - DEBUG - benchmark_job - 3e1acb44-2f98-4eec-8e25-ea6d99aaf0c5 - 77501 - ENGINE_EVENT - Executing steps in process (pid: 77501)
2026-01-01 22:21:49 -0500 - dagster - DEBUG - benchmark_job - 3e1acb44-2f98-4eec-8e25-ea6d99aaf0c5 - 77501 - performance_dashboard - RESOURCE_INIT_STARTED - Starting initialization of resources [io_manager].
2026-01-01 22:21:50 -0500 - dagster - DEBUG - benchmark_job - 3e1acb44-2f98-4eec-8e25-ea6d99aaf0c5 - 77501 - performance_dashboard - RESOURCE_INIT_SUCCESS - Finished initialization of resources [io_manager].
2026-01-01 22:21:50 -0500 - dagster - DEBUG - benchmark_job - 3e1acb44-2f98-4eec-8e25-ea6d99aaf0c5 - 77501 - LOGS_CAPTURED - Started capturing logs in process (pid: 77501).
2026-01-01 22:21:50 -0500 - dagster - DEBUG - benchmark_job - 3e1acb44-2f98-4eec-8e25-ea6d99aaf0c5 - 77501 - performance_dashboard - STEP_START - Started execution of step "performance_dashboard".
2026-01-01 22:21:50 -0500 - dagster - INFO - benchmark_job - 3e1acb44-2f98-4eec-8e25-ea6d99aaf0c5 - performance_dashboard - Dropping irrelevant/default columns: ['Selectivity']
2026-01-01 22:21:50 -0500 - dagster - INFO - benchmark_job - 3e1acb44-2f98-4eec-8e25-ea6d99aaf0c5 - performance_dashboard - Matrix Params Detected: ['Rows', 'rows']
2026-01-01 22:21:50 -0500 - dagster - ERROR - benchmark_job - 3e1acb44-2f98-4eec-8e25-ea6d99aaf0c5 - 77501 - performance_dashboard - STEP_FAILURE - Execution of step "performance_dashboard" failed.

dagster._core.errors.DagsterExecutionStepExecutionError: Error occurred while executing op "performance_dashboard"::

NameError: name 'exp_folder' is not defined

Stack Trace:
  File "/Users/ramona/anaconda3/lib/python3.10/site-packages/dagster/_core/execution/plan/utils.py", line 57, in op_execution_error_boundary
    yield
  File "/Users/ramona/anaconda3/lib/python3.10/site-packages/dagster/_utils/__init__.py", line 392, in iterate_with_context
    next_output = next(iterator)
  File "/Users/ramona/anaconda3/lib/python3.10/site-packages/dagster/_core/execution/plan/compute_generator.py", line 137, in _coerce_op_compute_fn_to_iterator
    result = invoke_compute_fn(
  File "/Users/ramona/anaconda3/lib/python3.10/site-packages/dagster/_core/execution/plan/compute_generator.py", line 117, in invoke_compute_fn
    return fn(context, **args_to_pass) if context_arg_provided else fn(**args_to_pass)
  File "/Users/ramona/Projects/sql-benchmarks-dagster/sql_benchmarks/assets/reporting.py", line 341, in performance_dashboard
    csv_path = os.path.join(exp_folder, f"results_{EXP_ID}.csv")

2026-01-01 22:21:50 -0500 - dagster - ERROR - benchmark_job - 3e1acb44-2f98-4eec-8e25-ea6d99aaf0c5 - 77501 - RUN_FAILURE - Execution of run for "benchmark_job" failed. An exception was thrown during execution.

NameError: name 'exp_folder' is not defined

Stack Trace:
  File "/Users/ramona/anaconda3/lib/python3.10/site-packages/dagster/_core/execution/api.py", line 742, in job_execution_iterator
    for event in job_context.executor.execute(job_context, execution_plan):
  File "/Users/ramona/anaconda3/lib/python3.10/site-packages/dagster/_core/executor/in_process.py", line 72, in execute
    yield from iter(
  File "/Users/ramona/anaconda3/lib/python3.10/site-packages/dagster/_core/execution/api.py", line 875, in __iter__
    yield from self.iterator(
  File "/Users/ramona/anaconda3/lib/python3.10/site-packages/dagster/_core/executor/in_process.py", line 29, in inprocess_execution_iterator
    yield from inner_plan_execution_iterator(
  File "/Users/ramona/anaconda3/lib/python3.10/site-packages/dagster/_core/execution/plan/execute_plan.py", line 89, in inner_plan_execution_iterator
    for step_event in check.generator(dagster_event_sequence_for_step(step_context)):
  File "/Users/ramona/anaconda3/lib/python3.10/site-packages/dagster/_core/execution/plan/execute_plan.py", line 319, in dagster_event_sequence_for_step
    raise dagster_user_error.user_exception
  File "/Users/ramona/anaconda3/lib/python3.10/site-packages/dagster/_core/execution/plan/utils.py", line 57, in op_execution_error_boundary
    yield
  File "/Users/ramona/anaconda3/lib/python3.10/site-packages/dagster/_utils/__init__.py", line 392, in iterate_with_context
    next_output = next(iterator)
  File "/Users/ramona/anaconda3/lib/python3.10/site-packages/dagster/_core/execution/plan/compute_generator.py", line 137, in _coerce_op_compute_fn_to_iterator
    result = invoke_compute_fn(
  File "/Users/ramona/anaconda3/lib/python3.10/site-packages/dagster/_core/execution/plan/compute_generator.py", line 117, in invoke_compute_fn
    return fn(context, **args_to_pass) if context_arg_provided else fn(**args_to_pass)
  File "/Users/ramona/Projects/sql-benchmarks-dagster/sql_benchmarks/assets/reporting.py", line 341, in performance_dashboard
    csv_path = os.path.join(exp_folder, f"results_{EXP_ID}.csv")

The above exception occurred during handling of the following exception:
dagster._core.errors.DagsterExecutionStepExecutionError: Error occurred while executing op "performance_dashboard":

Stack Trace:
  File "/Users/ramona/anaconda3/lib/python3.10/site-packages/dagster/_core/execution/plan/execute_plan.py", line 247, in dagster_event_sequence_for_step
    yield from check.generator(step_events)
  File "/Users/ramona/anaconda3/lib/python3.10/site-packages/dagster/_core/execution/plan/execute_step.py", line 504, in core_dagster_event_sequence_for_step
    for user_event in _step_output_error_checked_user_event_sequence(
  File "/Users/ramona/anaconda3/lib/python3.10/site-packages/dagster/_core/execution/plan/execute_step.py", line 183, in _step_output_error_checked_user_event_sequence
    for user_event in user_event_sequence:
  File "/Users/ramona/anaconda3/lib/python3.10/site-packages/dagster/_core/execution/plan/execute_step.py", line 88, in _process_asset_results_to_events
    for user_event in user_event_sequence:
  File "/Users/ramona/anaconda3/lib/python3.10/site-packages/dagster/_core/execution/plan/compute.py", line 190, in execute_core_compute
    for step_output in _yield_compute_results(step_context, inputs, compute_fn, compute_context):
  File "/Users/ramona/anaconda3/lib/python3.10/site-packages/dagster/_core/execution/plan/compute.py", line 159, in _yield_compute_results
    for event in iterate_with_context(
  File "/Users/ramona/anaconda3/lib/python3.10/site-packages/dagster/_utils/__init__.py", line 390, in iterate_with_context
    with context_fn():
  File "/Users/ramona/anaconda3/lib/python3.10/contextlib.py", line 153, in __exit__
    self.gen.throw(typ, value, traceback)
  File "/Users/ramona/anaconda3/lib/python3.10/site-packages/dagster/_core/execution/plan/utils.py", line 87, in op_execution_error_boundary
    raise error_cls(

[SUCCESS] Contract '/Users/ramona/Projects/sql-benchmarks-dagster/sql_benchmarks/experiments/active.yaml' validated.
[SUCCESS] Contract '/Users/ramona/Projects/sql-benchmarks-dagster/sql_benchmarks/experiments/active.yaml' validated.
[SDK] Executing job 'benchmark_job' with partition='None'...
DEBUG: Saving Dashboard to: /Users/ramona/Projects/sql-benchmarks-dagster/sql_benchmarks/experiments/reports/dashboard_f3fffd7a.html
[SDK] Exception during execution: name 'exp_folder' is not defined
[SUCCESS] Contract '/Users/ramona/Projects/sql-benchmarks-dagster/sql_benchmarks/experiments/active.yaml' validated.
[RUNNER] Processing 1 targets...

>>> COORDINATING: smoke_v8.yaml
[SUCCESS] Contract 'smoke_v8.yaml' validated.
[INFO] Executing f3fffd7a directly...
       -> Partition: tiny
[DEBUG] Running command: /Users/ramona/anaconda3/bin/python execute_run.py --partition tiny
[FAILURE] Technical execution failed.
