/Users/ramona/anaconda3/lib/python3.10/site-packages/dagster/_core/definitions/definitions_class.py:480: UserWarning: Found asset job named benchmark_job of type <class 'dagster._core.definitions.unresolved_asset_job_definition.UnresolvedAssetJobDefinition'> passed to `jobs` parameter. Starting in dagster 1.11, you must now use Definitions.resolve_job_def to correctly retrieve this job definition.
  warnings.warn(warning)
2026-01-01 21:15:24 -0500 - dagster - DEBUG - benchmark_job - ef7f05fa-a258-4efd-b405-eb1a77bb4366 - 61091 - RUN_START - Started execution of run for "benchmark_job".
2026-01-01 21:15:24 -0500 - dagster - DEBUG - benchmark_job - ef7f05fa-a258-4efd-b405-eb1a77bb4366 - 61091 - ENGINE_EVENT - Executing steps in process (pid: 61091)
2026-01-01 21:15:24 -0500 - dagster - DEBUG - benchmark_job - ef7f05fa-a258-4efd-b405-eb1a77bb4366 - 61091 - RESOURCE_INIT_STARTED - Starting initialization of resources [duckdb, io_manager].
2026-01-01 21:15:24 -0500 - dagster - DEBUG - benchmark_job - ef7f05fa-a258-4efd-b405-eb1a77bb4366 - 61091 - RESOURCE_INIT_SUCCESS - Finished initialization of resources [duckdb, io_manager].
2026-01-01 21:15:24 -0500 - dagster - DEBUG - benchmark_job - ef7f05fa-a258-4efd-b405-eb1a77bb4366 - 61091 - LOGS_CAPTURED - Started capturing logs in process (pid: 61091).
2026-01-01 21:15:24 -0500 - dagster - DEBUG - benchmark_job - ef7f05fa-a258-4efd-b405-eb1a77bb4366 - 61091 - e_smoke_v8__smoke_parquet - STEP_START - Started execution of step "e_smoke_v8__smoke_parquet".
2026-01-01 21:15:24 -0500 - dagster - DEBUG - benchmark_job - ef7f05fa-a258-4efd-b405-eb1a77bb4366 - 61091 - e_smoke_v8__smoke_parquet - STEP_OUTPUT - Yielded output "result" of type "Any". (Type check passed).
2026-01-01 21:15:24 -0500 - dagster - DEBUG - benchmark_job - ef7f05fa-a258-4efd-b405-eb1a77bb4366 - 61091 - e_smoke_v8__smoke_parquet - ASSET_MATERIALIZATION - Materialized value e_smoke_v8__smoke_parquet.
2026-01-01 21:15:24 -0500 - dagster - DEBUG - benchmark_job - ef7f05fa-a258-4efd-b405-eb1a77bb4366 - 61091 - e_smoke_v8__smoke_parquet - STEP_SUCCESS - Finished execution of step "e_smoke_v8__smoke_parquet" in 43ms.
2026-01-01 21:15:24 -0500 - dagster - DEBUG - benchmark_job - ef7f05fa-a258-4efd-b405-eb1a77bb4366 - 61091 - e_smoke_v8__smoke_quality - STEP_START - Started execution of step "e_smoke_v8__smoke_quality".
2026-01-01 21:15:24 -0500 - dagster - DEBUG - benchmark_job - ef7f05fa-a258-4efd-b405-eb1a77bb4366 - 61091 - e_smoke_v8__smoke_quality - STEP_OUTPUT - Yielded output "result" of type "Any". (Type check passed).
2026-01-01 21:15:24 -0500 - dagster - DEBUG - benchmark_job - ef7f05fa-a258-4efd-b405-eb1a77bb4366 - e_smoke_v8__smoke_quality - Writing file at: /var/folders/fn/f9_8r_cj7cb6ffsgnzdj0yw40000gn/T/tmpmh08jnnk/storage/e_smoke_v8__smoke_quality/tiny using PickledObjectFilesystemIOManager...
2026-01-01 21:15:24 -0500 - dagster - DEBUG - benchmark_job - ef7f05fa-a258-4efd-b405-eb1a77bb4366 - 61091 - e_smoke_v8__smoke_quality - ASSET_MATERIALIZATION - Materialized value e_smoke_v8__smoke_quality.
2026-01-01 21:15:24 -0500 - dagster - DEBUG - benchmark_job - ef7f05fa-a258-4efd-b405-eb1a77bb4366 - 61091 - e_smoke_v8__smoke_quality - HANDLED_OUTPUT - Handled output "result" using IO manager "io_manager"
2026-01-01 21:15:24 -0500 - dagster - DEBUG - benchmark_job - ef7f05fa-a258-4efd-b405-eb1a77bb4366 - 61091 - e_smoke_v8__smoke_quality - STEP_SUCCESS - Finished execution of step "e_smoke_v8__smoke_quality" in 34ms.
2026-01-01 21:15:24 -0500 - dagster - DEBUG - benchmark_job - ef7f05fa-a258-4efd-b405-eb1a77bb4366 - 61091 - e_smoke_v8__duckdb_smoke_table - STEP_START - Started execution of step "e_smoke_v8__duckdb_smoke_table".
2026-01-01 21:15:24 -0500 - dagster - INFO - benchmark_job - ef7f05fa-a258-4efd-b405-eb1a77bb4366 - e_smoke_v8__duckdb_smoke_table - Ingesting /var/folders/fn/f9_8r_cj7cb6ffsgnzdj0yw40000gn/T/sb_run_smoke_v8_jbi_upx0/data/staging/smoke_tiny.parquet into duckdb table 'smoke_tiny'...
2026-01-01 21:15:24 -0500 - dagster - DEBUG - benchmark_job - ef7f05fa-a258-4efd-b405-eb1a77bb4366 - 61091 - e_smoke_v8__duckdb_smoke_table - STEP_OUTPUT - Yielded output "result" of type "Any". (Type check passed).
2026-01-01 21:15:24 -0500 - dagster - DEBUG - benchmark_job - ef7f05fa-a258-4efd-b405-eb1a77bb4366 - e_smoke_v8__duckdb_smoke_table - Writing file at: /var/folders/fn/f9_8r_cj7cb6ffsgnzdj0yw40000gn/T/tmpmh08jnnk/storage/e_smoke_v8__duckdb_smoke_table/tiny using PickledObjectFilesystemIOManager...
2026-01-01 21:15:24 -0500 - dagster - DEBUG - benchmark_job - ef7f05fa-a258-4efd-b405-eb1a77bb4366 - 61091 - e_smoke_v8__duckdb_smoke_table - ASSET_MATERIALIZATION - Materialized value e_smoke_v8__duckdb_smoke_table.
2026-01-01 21:15:24 -0500 - dagster - DEBUG - benchmark_job - ef7f05fa-a258-4efd-b405-eb1a77bb4366 - 61091 - e_smoke_v8__duckdb_smoke_table - HANDLED_OUTPUT - Handled output "result" using IO manager "io_manager"
2026-01-01 21:15:24 -0500 - dagster - DEBUG - benchmark_job - ef7f05fa-a258-4efd-b405-eb1a77bb4366 - 61091 - e_smoke_v8__duckdb_smoke_table - STEP_SUCCESS - Finished execution of step "e_smoke_v8__duckdb_smoke_table" in 108ms.
2026-01-01 21:15:24 -0500 - dagster - DEBUG - benchmark_job - ef7f05fa-a258-4efd-b405-eb1a77bb4366 - 61091 - e_smoke_v8__duckdb_benchmark_q_0_1_percent - STEP_START - Started execution of step "e_smoke_v8__duckdb_benchmark_q_0_1_percent".
2026-01-01 21:15:24 -0500 - dagster - ERROR - benchmark_job - ef7f05fa-a258-4efd-b405-eb1a77bb4366 - 61091 - e_smoke_v8__duckdb_benchmark_q_0_1_percent - STEP_FAILURE - Execution of step "e_smoke_v8__duckdb_benchmark_q_0_1_percent" failed.

dagster._core.errors.DagsterExecutionStepExecutionError: Error occurred while executing op "e_smoke_v8__duckdb_benchmark_q_0_1_percent"::

duckdb.duckdb.BinderException: Binder Error: Referenced column "selectivity_code" not found in FROM clause!
Candidate bindings: "id"

Stack Trace:
  File "/Users/ramona/anaconda3/lib/python3.10/site-packages/dagster/_core/execution/plan/utils.py", line 57, in op_execution_error_boundary
    yield
  File "/Users/ramona/anaconda3/lib/python3.10/site-packages/dagster/_utils/__init__.py", line 392, in iterate_with_context
    next_output = next(iterator)
  File "/Users/ramona/anaconda3/lib/python3.10/site-packages/dagster/_core/execution/plan/compute_generator.py", line 137, in _coerce_op_compute_fn_to_iterator
    result = invoke_compute_fn(
  File "/Users/ramona/anaconda3/lib/python3.10/site-packages/dagster/_core/execution/plan/compute_generator.py", line 117, in invoke_compute_fn
    return fn(context, **args_to_pass) if context_arg_provided else fn(**args_to_pass)
  File "/Users/ramona/Projects/sql-benchmarks-dagster/sql_benchmarks/assets/benchmark_factory.py", line 121, in _benchmark
    duration = db.run_query(
  File "/Users/ramona/Projects/sql-benchmarks-dagster/sql_benchmarks/resources/duckdb.py", line 40, in run_query
    return client.run_query(sql=sql,
  File "/Users/ramona/Projects/sql-benchmarks-dagster/sql_benchmarks/resources/duckdb_client.py", line 47, in run_query
    with duckdb.connect(db_path, read_only=False) as con:
  File "/Users/ramona/Projects/sql-benchmarks-dagster/sql_benchmarks/resources/duckdb_client.py", line 51, in run_query
    con.sql(sql).fetchall()

2026-01-01 21:15:24 -0500 - dagster - ERROR - benchmark_job - ef7f05fa-a258-4efd-b405-eb1a77bb4366 - 61091 - RUN_FAILURE - Execution of run for "benchmark_job" failed. An exception was thrown during execution.

duckdb.duckdb.BinderException: Binder Error: Referenced column "selectivity_code" not found in FROM clause!
Candidate bindings: "id"

Stack Trace:
  File "/Users/ramona/anaconda3/lib/python3.10/site-packages/dagster/_core/execution/api.py", line 742, in job_execution_iterator
    for event in job_context.executor.execute(job_context, execution_plan):
  File "/Users/ramona/anaconda3/lib/python3.10/site-packages/dagster/_core/executor/in_process.py", line 72, in execute
    yield from iter(
  File "/Users/ramona/anaconda3/lib/python3.10/site-packages/dagster/_core/execution/api.py", line 875, in __iter__
    yield from self.iterator(
  File "/Users/ramona/anaconda3/lib/python3.10/site-packages/dagster/_core/executor/in_process.py", line 29, in inprocess_execution_iterator
    yield from inner_plan_execution_iterator(
  File "/Users/ramona/anaconda3/lib/python3.10/site-packages/dagster/_core/execution/plan/execute_plan.py", line 89, in inner_plan_execution_iterator
    for step_event in check.generator(dagster_event_sequence_for_step(step_context)):
  File "/Users/ramona/anaconda3/lib/python3.10/site-packages/dagster/_core/execution/plan/execute_plan.py", line 319, in dagster_event_sequence_for_step
    raise dagster_user_error.user_exception
  File "/Users/ramona/anaconda3/lib/python3.10/site-packages/dagster/_core/execution/plan/utils.py", line 57, in op_execution_error_boundary
    yield
  File "/Users/ramona/anaconda3/lib/python3.10/site-packages/dagster/_utils/__init__.py", line 392, in iterate_with_context
    next_output = next(iterator)
  File "/Users/ramona/anaconda3/lib/python3.10/site-packages/dagster/_core/execution/plan/compute_generator.py", line 137, in _coerce_op_compute_fn_to_iterator
    result = invoke_compute_fn(
  File "/Users/ramona/anaconda3/lib/python3.10/site-packages/dagster/_core/execution/plan/compute_generator.py", line 117, in invoke_compute_fn
    return fn(context, **args_to_pass) if context_arg_provided else fn(**args_to_pass)
  File "/Users/ramona/Projects/sql-benchmarks-dagster/sql_benchmarks/assets/benchmark_factory.py", line 121, in _benchmark
    duration = db.run_query(
  File "/Users/ramona/Projects/sql-benchmarks-dagster/sql_benchmarks/resources/duckdb.py", line 40, in run_query
    return client.run_query(sql=sql,
  File "/Users/ramona/Projects/sql-benchmarks-dagster/sql_benchmarks/resources/duckdb_client.py", line 47, in run_query
    with duckdb.connect(db_path, read_only=False) as con:
  File "/Users/ramona/Projects/sql-benchmarks-dagster/sql_benchmarks/resources/duckdb_client.py", line 51, in run_query
    con.sql(sql).fetchall()

The above exception occurred during handling of the following exception:
dagster._core.errors.DagsterExecutionStepExecutionError: Error occurred while executing op "e_smoke_v8__duckdb_benchmark_q_0_1_percent":

Stack Trace:
  File "/Users/ramona/anaconda3/lib/python3.10/site-packages/dagster/_core/execution/plan/execute_plan.py", line 247, in dagster_event_sequence_for_step
    yield from check.generator(step_events)
  File "/Users/ramona/anaconda3/lib/python3.10/site-packages/dagster/_core/execution/plan/execute_step.py", line 504, in core_dagster_event_sequence_for_step
    for user_event in _step_output_error_checked_user_event_sequence(
  File "/Users/ramona/anaconda3/lib/python3.10/site-packages/dagster/_core/execution/plan/execute_step.py", line 183, in _step_output_error_checked_user_event_sequence
    for user_event in user_event_sequence:
  File "/Users/ramona/anaconda3/lib/python3.10/site-packages/dagster/_core/execution/plan/execute_step.py", line 88, in _process_asset_results_to_events
    for user_event in user_event_sequence:
  File "/Users/ramona/anaconda3/lib/python3.10/site-packages/dagster/_core/execution/plan/compute.py", line 190, in execute_core_compute
    for step_output in _yield_compute_results(step_context, inputs, compute_fn, compute_context):
  File "/Users/ramona/anaconda3/lib/python3.10/site-packages/dagster/_core/execution/plan/compute.py", line 159, in _yield_compute_results
    for event in iterate_with_context(
  File "/Users/ramona/anaconda3/lib/python3.10/site-packages/dagster/_utils/__init__.py", line 390, in iterate_with_context
    with context_fn():
  File "/Users/ramona/anaconda3/lib/python3.10/contextlib.py", line 153, in __exit__
    self.gen.throw(typ, value, traceback)
  File "/Users/ramona/anaconda3/lib/python3.10/site-packages/dagster/_core/execution/plan/utils.py", line 87, in op_execution_error_boundary
    raise error_cls(

[SUCCESS] Contract '/var/folders/fn/f9_8r_cj7cb6ffsgnzdj0yw40000gn/T/sb_run_smoke_v8_jbi_upx0/results/active.yaml' validated.
[SUCCESS] Contract '/var/folders/fn/f9_8r_cj7cb6ffsgnzdj0yw40000gn/T/sb_run_smoke_v8_jbi_upx0/results/active.yaml' validated.
[SDK] Executing job 'benchmark_job' with partition='tiny'...
[Gen] Generating 5 rows in batches of 500000...
[Gen] Batch 1 done.
[SDK] Exception during execution: Binder Error: Referenced column "selectivity_code" not found in FROM clause!
Candidate bindings: "id"
/Users/ramona/anaconda3/lib/python3.10/site-packages/dagster/_core/definitions/definitions_class.py:480: UserWarning: Found asset job named benchmark_job of type <class 'dagster._core.definitions.unresolved_asset_job_definition.UnresolvedAssetJobDefinition'> passed to `jobs` parameter. Starting in dagster 1.11, you must now use Definitions.resolve_job_def to correctly retrieve this job definition.
  warnings.warn(warning)
2026-01-01 21:15:27 -0500 - dagster - DEBUG - benchmark_job - 00dfde62-a79a-476f-be55-8d5c2e7d5e52 - 61097 - RUN_START - Started execution of run for "benchmark_job".
2026-01-01 21:15:27 -0500 - dagster - DEBUG - benchmark_job - 00dfde62-a79a-476f-be55-8d5c2e7d5e52 - 61097 - ENGINE_EVENT - Executing steps in process (pid: 61097)
2026-01-01 21:15:27 -0500 - dagster - DEBUG - benchmark_job - 00dfde62-a79a-476f-be55-8d5c2e7d5e52 - 61097 - performance_dashboard - RESOURCE_INIT_STARTED - Starting initialization of resources [io_manager].
2026-01-01 21:15:27 -0500 - dagster - DEBUG - benchmark_job - 00dfde62-a79a-476f-be55-8d5c2e7d5e52 - 61097 - performance_dashboard - RESOURCE_INIT_SUCCESS - Finished initialization of resources [io_manager].
2026-01-01 21:15:27 -0500 - dagster - DEBUG - benchmark_job - 00dfde62-a79a-476f-be55-8d5c2e7d5e52 - 61097 - LOGS_CAPTURED - Started capturing logs in process (pid: 61097).
2026-01-01 21:15:27 -0500 - dagster - DEBUG - benchmark_job - 00dfde62-a79a-476f-be55-8d5c2e7d5e52 - 61097 - performance_dashboard - STEP_START - Started execution of step "performance_dashboard".
2026-01-01 21:15:27 -0500 - dagster - INFO - benchmark_job - 00dfde62-a79a-476f-be55-8d5c2e7d5e52 - performance_dashboard - No records found for experiment: smoke_v8
2026-01-01 21:15:27 -0500 - dagster - DEBUG - benchmark_job - 00dfde62-a79a-476f-be55-8d5c2e7d5e52 - 61097 - performance_dashboard - STEP_OUTPUT - Yielded output "result" of type "Any". (Type check passed).
2026-01-01 21:15:27 -0500 - dagster - DEBUG - benchmark_job - 00dfde62-a79a-476f-be55-8d5c2e7d5e52 - performance_dashboard - Writing file at: /var/folders/fn/f9_8r_cj7cb6ffsgnzdj0yw40000gn/T/tmp3kzj9i44/storage/performance_dashboard using PickledObjectFilesystemIOManager...
2026-01-01 21:15:27 -0500 - dagster - DEBUG - benchmark_job - 00dfde62-a79a-476f-be55-8d5c2e7d5e52 - 61097 - performance_dashboard - ASSET_MATERIALIZATION - Materialized value performance_dashboard.
2026-01-01 21:15:27 -0500 - dagster - DEBUG - benchmark_job - 00dfde62-a79a-476f-be55-8d5c2e7d5e52 - 61097 - performance_dashboard - HANDLED_OUTPUT - Handled output "result" using IO manager "io_manager"
2026-01-01 21:15:27 -0500 - dagster - DEBUG - benchmark_job - 00dfde62-a79a-476f-be55-8d5c2e7d5e52 - 61097 - performance_dashboard - STEP_SUCCESS - Finished execution of step "performance_dashboard" in 17ms.
2026-01-01 21:15:27 -0500 - dagster - DEBUG - benchmark_job - 00dfde62-a79a-476f-be55-8d5c2e7d5e52 - 61097 - ENGINE_EVENT - Finished steps in process (pid: 61097) in 88ms
2026-01-01 21:15:27 -0500 - dagster - DEBUG - benchmark_job - 00dfde62-a79a-476f-be55-8d5c2e7d5e52 - 61097 - RUN_SUCCESS - Finished execution of run for "benchmark_job".
[SUCCESS] Contract '/var/folders/fn/f9_8r_cj7cb6ffsgnzdj0yw40000gn/T/sb_run_smoke_v8_jbi_upx0/results/active.yaml' validated.
[SUCCESS] Contract '/var/folders/fn/f9_8r_cj7cb6ffsgnzdj0yw40000gn/T/sb_run_smoke_v8_jbi_upx0/results/active.yaml' validated.
[SDK] Executing job 'benchmark_job' with partition='None'...
[SDK] Job Success.
[SUCCESS] Contract '/Users/ramona/Projects/sql-benchmarks-dagster/sql_benchmarks/experiments/active.yaml' validated.
[RUNNER] Processing 1 targets...

>>> COORDINATING: smoke_v8.yaml
[SUCCESS] Contract 'smoke_v8.yaml' validated.
[INFO] Executing smoke_v8 with Zero-Copy redirection...
       -> Partition: tiny
[FAILURE] Technical execution failed.
