[SDK] Executing job 'benchmark_job' with partition='1'...
[SDK] Resolved 3 assets for execution.
[Gen] Generating 1 rows in batches of 500000...
[Gen] Batch 1 done.
[SDK] Job Success.
[SDK] Executing job 'benchmark_job' with partition='None'...
[SDK] Resolved 1 assets for execution.
[SDK] Job Success.
[INFO] Queue size: 1
[INFO] Mode: AUTOMATED

------------------------------------------------------------
[1/1] PREPARING: semantic_violation.yaml
[INFO] Entering Staging Area: /var/folders/fn/f9_8r_cj7cb6ffsgnzdj0yw40000gn/T/tmpuuzfdip1
[INFO] Launching edf8d499 (Automated)...
       -> Environment: ACID Isolated Staging (/var/folders/fn/f9_8r_cj7cb6ffsgnzdj0yw40000gn/T/tmpuuzfdip1)
       -> Triggering Partition: 1...
          [SUCCESS] Done.
       -> Triggering Reporting...
          [SUCCESS] Done.
[INFO] ACID Run Complete (7.1s)
